17:09:07 **** Incremental Build of configuration Debug for project test ****
make all 
make --no-print-directory pre-build
a9-linaro-pre-build-step
' '
make --no-print-directory main-build
'Building file: ../src/test.c'
'Invoking: ARM v7 gcc compiler'
arm-none-eabi-gcc -Wall -O0 -g3 -c -fmessage-length=0 -MT"src/test.o" -mcpu=cortex-a9 -mfpu=vfpv3 -mfloat-abi=hard -ID:/EOS/project/project_1/vitis_test_project/test_system_wrapper/export/test_system_wrapper/sw/test_system_wrapper/standalone_ps7_cortexa9_0/bspinclude/include -MMD -MP -MF"src/test.d" -MT"src/test.o" -o "src/test.o" "../src/test.c"
../src/test.c: In function 'main':
../src/test.c:28:14: warning: variable 'ciphertext' set but not used [-Wunused-but-set-variable]
   28 |     uint64_t ciphertext;
      |              ^~~~~~~~~~
../src/test.c:25:14: warning: unused variable 'exp_low' [-Wunused-variable]
   25 |     uint32_t exp_low  = (uint32_t)(expected & 0xFFFFFFFF); // 0xDD31D900
      |              ^~~~~~~
../src/test.c:24:14: warning: unused variable 'exp_high' [-Wunused-variable]
   24 |     uint32_t exp_high = (uint32_t)(expected >> 32);    // 0x95F8A5E5
      |              ^~~~~~~~
'Finished building: ../src/test.c'
' '
'Building target: test.elf'
'Invoking: ARM v7 gcc linker'
arm-none-eabi-gcc -mcpu=cortex-a9 -mfpu=vfpv3 -mfloat-abi=hard -Wl,-build-id=none -specs=Xilinx.spec -Wl,-T -Wl,../src/lscript.ld -LD:/EOS/project/project_1/vitis_test_project/test_system_wrapper/export/test_system_wrapper/sw/test_system_wrapper/standalone_ps7_cortexa9_0/bsplib/lib -o "test.elf"  ./src/test.o   -Wl,--start-group,-lxil,-lgcc,-lc,--end-group
'Finished building target: test.elf'
' '
'Invoking: ARM v7 Print Size'
arm-none-eabi-size test.elf  |tee "test.elf.size"
   text	   data	    bss	    dec	    hex	filename
  23664	   1144	  22568	  47376	   b910	test.elf
'Finished building: test.elf.size'
' '

17:09:08 Build Finished (took 1s.238ms)

